// Jest Snapshot v1, https://goo.gl/fbAQLP

exports[`matches a ToDoListForm snapshot 1`] = `
<DocumentFragment>
  <div
    class="new-todo"
  >
    <form>
      <label
        for="task"
      >
        Task: 
      </label>
      <input
        id="task"
        name="task"
        type="text"
      />
      <button
        class="save"
      >
        Add
      </button>
    </form>
  </div>
</DocumentFragment>
`;
