// Jest Snapshot v1, https://goo.gl/fbAQLP

exports[`matches a ToDoList snapshot 1`] = `
<DocumentFragment>
  <div
    class="list"
  >
    <h1>
      ToDo List
    </h1>
    <div
      class="new-todo"
    >
      <form>
        <label
          for="task"
        >
          Task: 
        </label>
        <input
          id="task"
          name="task"
          type="text"
        />
        <button
          class="save"
        >
          Add
        </button>
      </form>
    </div>
    <div />
  </div>
</DocumentFragment>
`;
